// Jest Snapshot v1, https://goo.gl/fbAQLP

exports[`Cart checkout() should return an object with the total and the list of items: 
        Object {
          "items": Array [
            Object {
              "product": Object {
                "price": 700000,
                "title": "Iphone 13 Pro Max",
              },
              "quantity": 1,
            },
            Object {
              "product": Object {
                "price": 1000000,
                "title": "Macbook Pro M2",
              },
              "quantity": 3,
            },
          ],
          "total": 3700000,
        }
       1`] = `
Object {
  "items": Array [
    Object {
      "product": Object {
        "price": 700000,
        "title": "Iphone 13 Pro Max",
      },
      "quantity": 1,
    },
    Object {
      "product": Object {
        "price": 1000000,
        "title": "Macbook Pro M2",
      },
      "quantity": 3,
    },
  ],
  "total": 3700000,
}
`;
